[myrathemes.com/lunoz/index.html]
[backblue.gif]
[fade.gif]
[index.html]
[myrathemes.com/lunoz/assets/images/favicon.ico]
[myrathemes.com/lunoz/assets/css/style.min.css]
[myrathemes.com/lunoz/assets/js/config.js]
[myrathemes.com/lunoz/assets/images/logo-light.png]
[myrathemes.com/lunoz/assets/css/icons.min.css]
[myrathemes.com/lunoz/assets/images/logo-sm.png]
[myrathemes.com/lunoz/assets/images/logo-dark.png]
[myrathemes.com/lunoz/apps-calendar.html]
[myrathemes.com/lunoz/pages-starter.html]
[myrathemes.com/lunoz/pages-invoice.html]
[myrathemes.com/lunoz/pages-login.html]
[myrathemes.com/lunoz/pages-register.html]
[myrathemes.com/lunoz/pages-recoverpw.html]
[myrathemes.com/lunoz/pages-lock-screen.html]
[myrathemes.com/lunoz/pages-404.html]
[myrathemes.com/lunoz/pages-500.html]
[myrathemes.com/lunoz/layout-horizontal.html]
[myrathemes.com/lunoz/layout-sidenav-light.html]
[myrathemes.com/lunoz/layout-sidenav-brand.html]
[myrathemes.com/lunoz/layout-topbar-dark.html]
[myrathemes.com/lunoz/ui-alerts.html]
[myrathemes.com/lunoz/ui-buttons.html]
[myrathemes.com/lunoz/ui-cards.html]
[myrathemes.com/lunoz/ui-carousel.html]
[myrathemes.com/lunoz/ui-dropdowns.html]
[myrathemes.com/lunoz/ui-video.html]
[myrathemes.com/lunoz/ui-general.html]
[myrathemes.com/lunoz/ui-grid.html]
[myrathemes.com/lunoz/ui-images.html]
[myrathemes.com/lunoz/ui-list-group.html]
[myrathemes.com/lunoz/ui-modals.html]
[myrathemes.com/lunoz/ui-offcanvas.html]
[myrathemes.com/lunoz/ui-placeholders.html]
[myrathemes.com/lunoz/ui-progress.html]
[myrathemes.com/lunoz/ui-spinners.html]
[myrathemes.com/lunoz/ui-tabs-accordions.html]
[myrathemes.com/lunoz/ui-tooltips-popovers.html]
[myrathemes.com/lunoz/ui-typography.html]
[myrathemes.com/lunoz/components-range-slider.html]
[myrathemes.com/lunoz/components-sweet-alert.html]
[myrathemes.com/lunoz/components-loading-buttons.html]
[myrathemes.com/lunoz/icons-boxicons.html]
[myrathemes.com/lunoz/icons-lucide.html]
[myrathemes.com/lunoz/icons-mdi.html]
[myrathemes.com/lunoz/forms-elements.html]
[myrathemes.com/lunoz/forms-advanced.html]
[myrathemes.com/lunoz/forms-validation.html]
[myrathemes.com/lunoz/forms-quilljs.html]
[myrathemes.com/lunoz/forms-file-uploads.html]
[myrathemes.com/lunoz/tables-basic.html]
[myrathemes.com/lunoz/tables-datatables.html]
[myrathemes.com/lunoz/charts-apex.html]
[myrathemes.com/lunoz/charts-morris.html]
[myrathemes.com/lunoz/charts-chartjs.html]
[myrathemes.com/lunoz/maps-google.html]
[myrathemes.com/lunoz/maps-vector.html]
[myrathemes.com/lunoz/assets/images/flags/us.jpg]
[myrathemes.com/lunoz/assets/images/flags/germany.jpg]
[myrathemes.com/lunoz/assets/images/flags/italy.jpg]
[myrathemes.com/lunoz/assets/images/flags/spain.jpg]
[myrathemes.com/lunoz/assets/images/flags/russia.jpg]
[myrathemes.com/lunoz/assets/images/users/avatar-2.jpg]
[myrathemes.com/lunoz/assets/images/users/avatar-4.jpg]
[myrathemes.com/lunoz/assets/js/vendor.min.js]
[myrathemes.com/lunoz/assets/js/app.js]
[myrathemes.com/lunoz/assets/libs/morris.js/morris.min.js]
[myrathemes.com/lunoz/assets/libs/raphael/raphael.min.js]
[myrathemes.com/lunoz/assets/js/pages/dashboard.js]
[myrathemes.com/lunoz/index.html]
[myrathemes.com/lunoz/assets/libs/morris.js/morris.css]
[myrathemes.com/lunoz/assets/images/megamenu-bg.45.delayed]
[myrathemes.com/lunoz/assets/images/multiple-arrow.46.delayed]
[myrathemes.com/lunoz/assets/css/style.min.css]
[myrathemes.com/lunoz/assets/fonts/boxicons.woff2]
[myrathemes.com/lunoz/assets/fonts/boxicons.eot]
[myrathemes.com/lunoz/assets/fonts/boxicons.woff]
[myrathemes.com/lunoz/assets/fonts/boxicons.ttf]
[myrathemes.com/lunoz/assets/fonts/fa-brands-400.woff2]
[myrathemes.com/lunoz/assets/fonts/boxiconsd41d.svg]
[myrathemes.com/lunoz/assets/fonts/fa-brands-400.ttf]
[myrathemes.com/lunoz/assets/fonts/fa-regular-400.woff2]
[myrathemes.com/lunoz/assets/fonts/fa-regular-400.ttf]
[myrathemes.com/lunoz/assets/fonts/fa-solid-900.woff2]
[myrathemes.com/lunoz/assets/fonts/fa-solid-900.ttf]
[myrathemes.com/lunoz/assets/fonts/fa-v4compatibility.woff2]
[myrathemes.com/lunoz/assets/fonts/fa-v4compatibility.ttf]
[myrathemes.com/lunoz/assets/fonts/materialdesignicons-webfont3e71.woff2]
[myrathemes.com/lunoz/assets/fonts/materialdesignicons-webfontd41d.eot]
[myrathemes.com/lunoz/assets/fonts/materialdesignicons-webfont3e71.eot]
[myrathemes.com/lunoz/assets/fonts/materialdesignicons-webfont3e71.woff]
[myrathemes.com/lunoz/assets/fonts/materialdesignicons-webfont3e71.ttf]
[myrathemes.com/lunoz/assets/css/icons.min.css]
[myrathemes.com/lunoz/assets/libs/fullcalendar/main.min.css]
[myrathemes.com/lunoz/assets/libs/moment/min/moment.min.js]
[myrathemes.com/lunoz/assets/libs/fullcalendar/main.min.js]
[myrathemes.com/lunoz/apps-calendar.html]
[myrathemes.com/lunoz/pages-starter.html]
[myrathemes.com/lunoz/pages-invoice.html]
[myrathemes.com/lunoz/pages-login.html]
[myrathemes.com/lunoz/pages-register.html]
[myrathemes.com/lunoz/pages-recoverpw.html]
[myrathemes.com/lunoz/assets/js/pages/calendar.js]
[myrathemes.com/lunoz/auth-login.5d.delayed]
[myrathemes.com/lunoz/pages-lock-screen.html]
[myrathemes.com/lunoz/pages-404.html]
[myrathemes.com/lunoz/assets/images/404-error.svg]
[myrathemes.com/lunoz/pages-500.html]
[myrathemes.com/lunoz/assets/images/500-error.svg]
[myrathemes.com/lunoz/ui-avatars.60.delayed]
[myrathemes.com/lunoz/pages-timeline.61.delayed]
[myrathemes.com/lunoz/layout-horizontal.html]
[myrathemes.com/lunoz/layout-sidenav-light.html]
[myrathemes.com/lunoz/layout-sidenav-brand.html]
[myrathemes.com/lunoz/layout-topbar-dark.html]
[myrathemes.com/lunoz/ui-alerts.html]
[myrathemes.com/lunoz/ui-buttons.html]
[myrathemes.com/lunoz/assets/images/media/img-1.jpg]
[myrathemes.com/lunoz/assets/images/media/img-2.jpg]
[myrathemes.com/lunoz/assets/images/media/img-3.jpg]
[myrathemes.com/lunoz/assets/images/media/img-4.jpg]
[myrathemes.com/lunoz/assets/images/media/img-5.jpg]
[myrathemes.com/lunoz/assets/images/media/img-6.jpg]
[myrathemes.com/lunoz/assets/images/media/img-7.jpg]
[myrathemes.com/lunoz/ui-cards.html]
[myrathemes.com/lunoz/ui-carousel.html]
[myrathemes.com/lunoz/ui-dropdowns.html]
[myrathemes.com/lunoz/ui-video.html]
[myrathemes.com/lunoz/ui-general.html]
[myrathemes.com/lunoz/ui-grid.html]
[myrathemes.com/lunoz/assets/images/users/avatar-6.jpg]
[myrathemes.com/lunoz/assets/images/users/avatar-3.jpg]
[myrathemes.com/lunoz/ui-images.html]
[myrathemes.com/lunoz/ui-list-group.html]
[myrathemes.com/lunoz/ui-modals.html]
[myrathemes.com/lunoz/ui-offcanvas.html]
[myrathemes.com/lunoz/ui-placeholders.html]
[myrathemes.com/lunoz/ui-progress.html]
[myrathemes.com/lunoz/ui-spinners.html]
[myrathemes.com/lunoz/ui-tabs-accordions.html]
[myrathemes.com/lunoz/ui-tooltips-popovers.html]
[myrathemes.com/lunoz/ui-typography.html]
[myrathemes.com/lunoz/assets/libs/ion-rangeslider/css/ion.rangeSlider.min.css]
[myrathemes.com/lunoz/assets/libs/ion-rangeslider/js/ion.rangeSlider.min.js]
[myrathemes.com/lunoz/assets/js/pages/range-sliders.js]
[myrathemes.com/lunoz/components-range-slider.html]
[myrathemes.com/lunoz/assets/libs/sweetalert2/sweetalert2.min.css]
[myrathemes.com/lunoz/assets/libs/sweetalert2/sweetalert2.all.min.js]
[myrathemes.com/lunoz/components-sweet-alert.html]
[myrathemes.com/lunoz/assets/js/pages/sweet-alerts.js]
[myrathemes.com/lunoz/assets/libs/ladda/ladda.min.css]
[myrathemes.com/lunoz/assets/libs/ladda/ladda-themeless.min.css]
[myrathemes.com/lunoz/assets/libs/ladda/spin.min.js]
[myrathemes.com/lunoz/assets/libs/ladda/ladda.min.js]
[myrathemes.com/lunoz/assets/js/pages/loading-btn.js]
[myrathemes.com/lunoz/components-loading-buttons.html]
[myrathemes.com/lunoz/icons-boxicons.html]
[myrathemes.com/lunoz/icons-lucide.html]
[myrathemes.com/lunoz/icons-mdi.html]
[myrathemes.com/lunoz/forms-elements.html]
[myrathemes.com/lunoz/assets/js/pages/materialdesign.js]
[myrathemes.com/lunoz/assets/libs/multiselect/css/multi-select.css]
[myrathemes.com/lunoz/assets/libs/select2/css/select2.min.css]
[myrathemes.com/lunoz/assets/libs/selectize/css/selectize.bootstrap3.css]
[myrathemes.com/lunoz/assets/libs/selectize/js/standalone/selectize.min.js]
[myrathemes.com/lunoz/assets/libs/mohithg-switchery/switchery.min.js]
[myrathemes.com/lunoz/assets/libs/multiselect/js/jquery.multi-select.js]
[myrathemes.com/lunoz/assets/libs/jquery.quicksearch/jquery.quicksearch.min.7f.delayed]
[myrathemes.com/lunoz/assets/libs/select2/js/select2.min.js]
[myrathemes.com/lunoz/assets/libs/bootstrap-touchspin/jquery.bootstrap-touchspin.min.js]
[myrathemes.com/lunoz/assets/libs/bootstrap-maxlength/bootstrap-maxlength.min.js]
[myrathemes.com/lunoz/forms-advanced.html]
[myrathemes.com/lunoz/assets/js/pages/form-advanced.js]
[myrathemes.com/lunoz/assets/js/pages/form-validation.84.delayed]
[myrathemes.com/lunoz/forms-validation.html]
[myrathemes.com/lunoz/assets/libs/quill/quill.core.css]
[myrathemes.com/lunoz/assets/libs/quill/quill.bubble.css]
[myrathemes.com/lunoz/assets/libs/quill/quill.snow.css]
[myrathemes.com/lunoz/assets/libs/quill/quill.min.js]
[myrathemes.com/lunoz/assets/js/pages/form-quilljs.js]
[myrathemes.com/lunoz/forms-quilljs.html]
[myrathemes.com/lunoz/assets/libs/dropzone/min/dropzone.min.css]
[myrathemes.com/lunoz/assets/libs/dropzone/min/dropzone.min.js]
[myrathemes.com/lunoz/assets/js/pages/form-fileuploads.js]
[myrathemes.com/lunoz/forms-file-uploads.html]
[myrathemes.com/lunoz/tables-basic.html]
[myrathemes.com/lunoz/assets/libs/datatables.net-bs5/css/dataTables.bootstrap5.min.css]
[myrathemes.com/lunoz/assets/libs/datatables.net-responsive-bs5/css/responsive.bootstrap5.min.css]
[myrathemes.com/lunoz/assets/libs/datatables.net-buttons-bs5/css/buttons.bootstrap5.min.css]
[myrathemes.com/lunoz/assets/libs/datatables.net-select-bs5/css/select.bootstrap5.min.css]
[myrathemes.com/lunoz/assets/libs/datatables.net/js/jquery.dataTables.min.js]
[myrathemes.com/lunoz/assets/libs/datatables.net-bs5/js/dataTables.bootstrap5.min.js]
[myrathemes.com/lunoz/assets/libs/datatables.net-responsive/js/dataTables.responsive.min.js]
[myrathemes.com/lunoz/assets/libs/datatables.net-responsive-bs5/js/responsive.bootstrap5.min.js]
[myrathemes.com/lunoz/assets/libs/datatables.net-buttons/js/dataTables.buttons.min.js]
[myrathemes.com/lunoz/assets/libs/datatables.net-buttons-bs5/js/buttons.bootstrap5.min.js]
[myrathemes.com/lunoz/assets/libs/datatables.net-buttons/js/buttons.html5.min.js]
[myrathemes.com/lunoz/assets/libs/datatables.net-buttons/js/buttons.flash.min.js]
[myrathemes.com/lunoz/assets/libs/datatables.net-buttons/js/buttons.print.min.js]
[myrathemes.com/lunoz/assets/libs/datatables.net-keytable/js/dataTables.keyTable.min.js]
[myrathemes.com/lunoz/assets/libs/datatables.net-select/js/dataTables.select.min.js]
[myrathemes.com/lunoz/assets/libs/pdfmake/build/pdfmake.min.js]
[myrathemes.com/lunoz/assets/libs/pdfmake/build/vfs_fonts.js]
[myrathemes.com/lunoz/assets/js/pages/datatables.js]
[myrathemes.com/lunoz/tables-datatables.html]
[myrathemes.com/lunoz/assets/libs/apexcharts/apexcharts.min.js]
[apexcharts.com/samples/assets/irregular-data-series.js]
[apexcharts.com/samples/assets/ohlc.js]
[myrathemes.com/lunoz/charts-apex.html]
[myrathemes.com/lunoz/assets/js/pages/apexcharts.js]
[myrathemes.com/lunoz/assets/libs/morris.js06/morris.min.js]
[myrathemes.com/lunoz/charts-morris.html]
[myrathemes.com/lunoz/assets/js/pages/morris.js]
[myrathemes.com/lunoz/charts-chartjs.html]
[myrathemes.com/lunoz/assets/js/pages/chartjs.js]
[myrathemes.com/lunoz/assets/libs/chart.js/Chart.bundle.min.js]
[myrathemes.com/lunoz/assets/libs/gmaps/gmaps.min.js]
[myrathemes.com/lunoz/maps-google.html]
[myrathemes.com/lunoz/assets/js/pages/google-maps.js]
[myrathemes.com/lunoz/assets/libs/admin-resources/jquery.vectormap/jquery-jvectormap-1.2.2.a9.delayed]
[myrathemes.com/lunoz/assets/libs/admin-resources/jquery.vectormap/jquery-jvectormap-1.2.2.min.aa.delayed]
[myrathemes.com/lunoz/assets/libs/admin-resources/jquery.vectormap/maps/jquery-jvectormap-world-mill-en.ab.delayed]
[myrathemes.com/lunoz/assets/libs/admin-resources/jquery.vectormap/maps/jquery-jvectormap-us-merc-en.ac.delayed]
[myrathemes.com/lunoz/assets/libs/admin-resources/jquery.vectormap/maps/jquery-jvectormap-in-mill-en.ad.delayed]
[myrathemes.com/lunoz/assets/libs/admin-resources/jquery.vectormap/maps/jquery-jvectormap-au-mill-en.ae.delayed]
[myrathemes.com/lunoz/assets/libs/admin-resources/jquery.vectormap/maps/jquery-jvectormap-us-il-chicago-mill-en.af.delayed]
[myrathemes.com/lunoz/assets/libs/admin-resources/jquery.vectormap/maps/jquery-jvectormap-uk-mill-en.b0.delayed]
[myrathemes.com/lunoz/assets/libs/admin-resources/jquery.vectormap/maps/jquery-jvectormap-ca-lcc-en.b1.delayed]
[myrathemes.com/lunoz/assets/libs/admin-resources/jquery.vectormap/maps/jquery-jvectormap-europe-mill-en.b2.delayed]
[myrathemes.com/lunoz/assets/libs/admin-resources/jquery.vectormap/maps/jquery-jvectormap-fr-merc-en.b3.delayed]
[myrathemes.com/lunoz/assets/libs/admin-resources/jquery.vectormap/maps/jquery-jvectormap-es-merc.b4.delayed]
[myrathemes.com/lunoz/assets/libs/admin-resources/jquery.vectormap/maps/jquery-jvectormap-es-mill.b5.delayed]
[myrathemes.com/lunoz/maps-vector.html]
[myrathemes.com/lunoz/assets/images/megamenu-bg.html]
[myrathemes.com/lunoz/assets/images/multiple-arrow.html]
[myrathemes.com/lunoz/assets/js/pages/vector-maps.js]
[myrathemes.com/lunoz/assets/fonts/boxiconsd41d.svg]
[myrathemes.com/lunoz/assets/libs/fullcalendar/main.min.css]
[myrathemes.com/lunoz/auth-login.html]
[myrathemes.com/lunoz/assets/images/404-error.svg]
[myrathemes.com/lunoz/assets/images/500-error.svg]
[myrathemes.com/lunoz/ui-avatars.html]
[myrathemes.com/lunoz/pages-timeline.html]
[myrathemes.com/lunoz/assets/libs/ion-rangeslider/css/ion.rangeSlider.min.css]
[myrathemes.com/lunoz/assets/libs/sweetalert2/sweetalert2.min.css]
[myrathemes.com/lunoz/assets/libs/ladda/ladda.min.css]
[myrathemes.com/lunoz/assets/libs/ladda/ladda-themeless.min.css]
[myrathemes.com/lunoz/assets/libs/mohithg-switchery/switchery.min.css]
[myrathemes.com/lunoz/assets/libs/multiselect/img/switch.png]
[myrathemes.com/lunoz/assets/libs/multiselect/css/multi-select.css]
[myrathemes.com/lunoz/assets/libs/select2/css/select2.min.css]
[myrathemes.com/lunoz/assets/libs/selectize/css/selectize.bootstrap3.css]
[myrathemes.com/lunoz/assets/libs/bootstrap-touchspin/jquery.bootstrap-touchspin.min.css]
[myrathemes.com/lunoz/assets/libs/jquery.quicksearch/jquery.quicksearch.min.html]
[myrathemes.com/lunoz/assets/js/pages/form-validation.html]
[myrathemes.com/lunoz/assets/libs/quill/quill.core.css]
[myrathemes.com/lunoz/assets/libs/quill/quill.bubble.css]
[myrathemes.com/lunoz/assets/libs/quill/quill.snow.css]
[myrathemes.com/lunoz/assets/libs/dropzone/min/dropzone.min.css]
[myrathemes.com/lunoz/assets/libs/datatables.net-bs5/css/dataTables.bootstrap5.min.css]
[myrathemes.com/lunoz/assets/libs/datatables.net-responsive-bs5/css/responsive.bootstrap5.min.css]
[myrathemes.com/lunoz/assets/libs/datatables.net-buttons-bs5/css/buttons.bootstrap5.min.css]
[myrathemes.com/lunoz/assets/libs/datatables.net-select-bs5/css/select.bootstrap5.min.css]
[myrathemes.com/lunoz/assets/libs/admin-resources/jquery.vectormap/jquery-jvectormap-1.2.2.html]
[myrathemes.com/lunoz/assets/libs/admin-resources/jquery.vectormap/jquery-jvectormap-1.2.2.min.html]
[myrathemes.com/lunoz/assets/libs/admin-resources/jquery.vectormap/maps/jquery-jvectormap-world-mill-en.html]
[myrathemes.com/lunoz/assets/libs/admin-resources/jquery.vectormap/maps/jquery-jvectormap-us-merc-en.html]
[myrathemes.com/lunoz/assets/libs/admin-resources/jquery.vectormap/maps/jquery-jvectormap-in-mill-en.html]
[myrathemes.com/lunoz/assets/libs/admin-resources/jquery.vectormap/maps/jquery-jvectormap-au-mill-en.html]
[myrathemes.com/lunoz/assets/libs/admin-resources/jquery.vectormap/maps/jquery-jvectormap-us-il-chicago-mill-en.html]
[myrathemes.com/lunoz/assets/libs/admin-resources/jquery.vectormap/maps/jquery-jvectormap-uk-mill-en.html]
[myrathemes.com/lunoz/assets/libs/admin-resources/jquery.vectormap/maps/jquery-jvectormap-ca-lcc-en.html]
[myrathemes.com/lunoz/assets/libs/admin-resources/jquery.vectormap/maps/jquery-jvectormap-europe-mill-en.html]
[myrathemes.com/lunoz/assets/libs/admin-resources/jquery.vectormap/maps/jquery-jvectormap-fr-merc-en.html]
[myrathemes.com/lunoz/assets/libs/admin-resources/jquery.vectormap/maps/jquery-jvectormap-es-merc.html]
[myrathemes.com/lunoz/assets/libs/admin-resources/jquery.vectormap/maps/jquery-jvectormap-es-mill.html]
